// Jest Snapshot v1, https://goo.gl/fbAQLP

exports[`<Card/> matches snapshot 1`] = `
<DocumentFragment>
  .c0 {
  margin: 0 auto;
  width: 80%;
  border: 1px solid #dfdfdf;
  border-radius: .25rem;
}

.c1 {
  height: 3rem;
  display: -webkit-box;
  display: -webkit-flex;
  display: -ms-flexbox;
  display: flex;
  -webkit-box-pack: center;
  -webkit-justify-content: center;
  -ms-flex-pack: center;
  justify-content: center;
  -webkit-align-items: center;
  -webkit-box-align: center;
  -ms-flex-align: center;
  align-items: center;
  background-color: #f7f7f7;
}

.c2 {
  padding: 1rem;
  display: grid;
}

@media (min-width:576px) {
  .c1 {
    height: 3.5rem;
  }
}

@media (min-width:576px) {
  .c1 h1 {
    font-size: 1.1rem;
  }
}

@media (min-width:768px) {
  .c1 h1 {
    font-size: 1.2rem;
  }
}

@media (min-width:992px) {
  .c1 h1 {
    font-size: 1.5rem;
  }
}

<div
    class="c0"
  >
    <div
      class="c1"
    >
      <h1>
        Kalkulator us≈Çug
      </h1>
    </div>
    <div
      class="c2"
    />
  </div>
</DocumentFragment>
`;
