// Jest Snapshot v1, https://goo.gl/fbAQLP

exports[`<Checkbox/> matches snapshot 1`] = `
<DocumentFragment>
  .c0 {
  height: 2rem;
  margin-top: 0.3rem;
  display: -webkit-box;
  display: -webkit-flex;
  display: -ms-flexbox;
  display: flex;
  -webkit-align-items: center;
  -webkit-box-align: center;
  -ms-flex-align: center;
  align-items: center;
}

.c0 input,
.c0 label {
  cursor: pointer;
}

.c0 label {
  padding-left: 1rem;
}

@media (min-width:992px) {
  .c0 {
    margin-top: 0.5rem;
  }
}

@media (min-width:992px) {
  .c0 input {
    height: 1.2rem;
    aspect-ratio: 1;
  }
}

@media (min-width:992px) {
  .c0 label {
    font-size: 1.2rem;
  }
}

<div
    class="c0"
  >
    <input
      id="Internet"
      type="checkbox"
    />
    <label
      for="Internet"
    >
      Internet
    </label>
  </div>
</DocumentFragment>
`;
